[notary] third-party audit notary listening on :9105 db=/workspace/data/notary.db tree_size=1
[notary] "GET /health HTTP/1.1" 200 -
[notary] "GET /health HTTP/1.1" 200 -
[notary] "POST /notary/append HTTP/1.1" 200 -
[notary] "POST /notary/append HTTP/1.1" 200 -
[notary] "POST /notary/append HTTP/1.1" 200 -
[notary] "POST /notary/append HTTP/1.1" 200 -
[notary] "POST /notary/append HTTP/1.1" 200 -
[notary] "POST /notary/append HTTP/1.1" 200 -
[notary] "POST /notary/append HTTP/1.1" 200 -
[notary] "POST /notary/append HTTP/1.1" 200 -
[notary] "POST /notary/append HTTP/1.1" 200 -
[notary] "POST /notary/append HTTP/1.1" 200 -
[notary] "POST /notary/append HTTP/1.1" 200 -
[notary] "POST /notary/append HTTP/1.1" 200 -
[notary] "POST /notary/append HTTP/1.1" 200 -
[notary] "POST /notary/append HTTP/1.1" 200 -
[notary] "POST /notary/append HTTP/1.1" 200 -
[notary] "POST /notary/append HTTP/1.1" 200 -
[notary] "POST /notary/append HTTP/1.1" 200 -
[notary] "POST /notary/append HTTP/1.1" 200 -
[notary] "POST /notary/append HTTP/1.1" 200 -
[notary] "POST /notary/append HTTP/1.1" 200 -
[notary] "POST /notary/append HTTP/1.1" 200 -
[notary] "POST /notary/append HTTP/1.1" 200 -
[notary] "POST /notary/append HTTP/1.1" 200 -
[notary] "POST /notary/append HTTP/1.1" 200 -
[notary] "POST /notary/append HTTP/1.1" 200 -
[notary] "POST /notary/append HTTP/1.1" 200 -
[notary] "POST /notary/append HTTP/1.1" 200 -
[notary] "POST /notary/append HTTP/1.1" 200 -
[notary] "GET /notary/keys HTTP/1.1" 200 -
[notary] "POST /notary/append HTTP/1.1" 200 -
[notary] "POST /notary/append HTTP/1.1" 200 -
[notary] "GET /notary/tree-head HTTP/1.1" 200 -
[notary] "GET /notary/inclusion/fact-cred-req_1482b73bad9442b9-v1 HTTP/1.1" 200 -
[notary] "GET /notary/inclusion/fact-block-req_1482b73bad9442b9-v1 HTTP/1.1" 200 -
[notary] "POST /notary/append HTTP/1.1" 200 -
[notary] "GET /notary/tree-head HTTP/1.1" 200 -
[notary] "GET /notary/tree-head HTTP/1.1" 200 -
[notary] "POST /notary/append HTTP/1.1" 409 -
[notary] "GET /notary/tree-head HTTP/1.1" 200 -
[notary] "POST /admin/fault HTTP/1.1" 200 -
[notary] "POST /notary/append HTTP/1.1" 503 -
[notary] "POST /notary/append HTTP/1.1" 503 -
[notary] "GET /notary/tree-head HTTP/1.1" 200 -
[notary] "POST /admin/fault HTTP/1.1" 200 -
[notary] "POST /notary/append HTTP/1.1" 200 -
[notary] "POST /notary/append HTTP/1.1" 200 -
[notary] "GET /notary/tree-head HTTP/1.1" 200 -
[notary] "GET /notary/tree-head HTTP/1.1" 200 -
[notary] "GET /notary/inclusion/fact-cred-req_62aa207a5c3941e1-v1 HTTP/1.1" 200 -
[notary] "GET /notary/inclusion/fact-block-req_62aa207a5c3941e1-v1 HTTP/1.1" 200 -
[notary] "POST /admin/fault HTTP/1.1" 200 -
[notary] "POST /notary/append HTTP/1.1" 200 -
[notary] "POST /notary/append HTTP/1.1" 200 -
[notary] "POST /admin/fault HTTP/1.1" 200 -
[notary] "POST /notary/append HTTP/1.1" 200 -
[notary] "POST /notary/append HTTP/1.1" 200 -
[notary] "POST /notary/append HTTP/1.1" 200 -
[notary] "POST /notary/append HTTP/1.1" 200 -
[notary] "GET /notary/inclusion/fact-cred-req_0c1dfecb2e5e4f5c-v1 HTTP/1.1" 200 -
[notary] "GET /notary/inclusion/fact-block-req_0c1dfecb2e5e4f5c-v1 HTTP/1.1" 200 -
[notary] "GET /notary/tree-head HTTP/1.1" 200 -
[notary] "POST /notary/append HTTP/1.1" 200 -
[notary] "POST /notary/append HTTP/1.1" 200 -
[notary] "GET /notary/inclusion/fact-cred-req_69ccad59dbe74e35-v1 HTTP/1.1" 200 -
[notary] "POST /notary/rotate HTTP/1.1" 200 -
[notary] "GET /notary/keys HTTP/1.1" 200 -
[notary] "GET /notary/inclusion/fact-keyrotation-gen2 HTTP/1.1" 200 -
[notary] "POST /notary/append HTTP/1.1" 200 -
[notary] "POST /notary/append HTTP/1.1" 200 -
[notary] "GET /notary/inclusion/fact-cred-req_ec387225a3f743b4-v1 HTTP/1.1" 200 -
[notary] "POST /notary/rotate HTTP/1.1" 200 -
[notary] "GET /notary/keys HTTP/1.1" 200 -
[notary] "GET /notary/tree-head HTTP/1.1" 200 -
[notary] "GET /notary/inclusion/fact-keyrotation-gen3 HTTP/1.1" 200 -
[notary] "GET /notary/tree-head HTTP/1.1" 200 -
[notary] "POST /notary/append HTTP/1.1" 200 -
[notary] "POST /notary/append HTTP/1.1" 200 -
[notary] "GET /notary/tree-head HTTP/1.1" 200 -
[notary] "GET /notary/consistency?first=43&second=45 HTTP/1.1" 200 -
[notary] "GET /notary/inclusion/fact-cred-req_025e85146e5f4bcf-v1 HTTP/1.1" 200 -
[notary] "GET /notary/inclusion/fact-block-req_025e85146e5f4bcf-v1 HTTP/1.1" 200 -
[notary] "GET /notary/consistency?first=43&second=45 HTTP/1.1" 200 -
[notary] "POST /notary/append HTTP/1.1" 200 -
[notary] "POST /notary/append HTTP/1.1" 200 -
[notary] "GET /notary/inclusion/fact-rules-mig_r8_canary_sub-O-rules_expna HTTP/1.1" 200 -
[notary] "POST /notary/append HTTP/1.1" 200 -
[notary] "POST /notary/append HTTP/1.1" 200 -
[notary] "POST /notary/append HTTP/1.1" 200 -
[notary] "POST /notary/append HTTP/1.1" 200 -
[notary] "GET /notary/inclusion/fact-cred-req_a751044dbf754948-v1 HTTP/1.1" 200 -
[notary] "POST /notary/append HTTP/1.1" 200 -
[notary] "GET /notary/inclusion/fact-revoke-req_a751044dbf754948-1789668705930 HTTP/1.1" 200 -
[notary] "GET /notary/tree-head HTTP/1.1" 200 -
[notary] "GET /notary/consistency?first=50&second=51 HTTP/1.1" 200 -
