[policy] compliance policy control plane listening on :9104 db=/workspace/data/policy.db
[policy] "GET /health HTTP/1.1" 200 -
[policy] "GET /health HTTP/1.1" 200 -
[policy] "GET /policies/active HTTP/1.1" 200 -
[policy] "GET /policies/resolve?subject_id=user-A HTTP/1.1" 200 -
[policy] "GET /policies/resolve?subject_id=user-B HTTP/1.1" 200 -
[policy] "GET /policies/resolve?subject_id=user-C HTTP/1.1" 200 -
[policy] "GET /policies/resolve?subject_id=sub-D-canary HTTP/1.1" 200 -
[policy] "GET /policies/resolve?subject_id=sub-D-control HTTP/1.1" 200 -
[policy] "POST /policies/revisions HTTP/1.1" 201 -
[policy] "POST /policies/revisions/2/canary HTTP/1.1" 200 -
[policy] "GET /policies/revisions/2 HTTP/1.1" 200 -
[policy] "GET /policies/revisions/2 HTTP/1.1" 200 -
[policy] "GET /policies/active HTTP/1.1" 200 -
[policy] "GET /policies/revisions/2 HTTP/1.1" 200 -
[policy] "POST /policies/rollback HTTP/1.1" 200 -
[policy] "GET /policies/active HTTP/1.1" 200 -
[policy] "GET /policies/revisions/1 HTTP/1.1" 200 -
[policy] "GET /policies/active HTTP/1.1" 200 -
[policy] "GET /policies/revisions/1 HTTP/1.1" 200 -
[policy] "POST /policies/rollback HTTP/1.1" 200 -
[policy] "GET /policies/active HTTP/1.1" 200 -
[policy] "POST /policies/revisions HTTP/1.1" 201 -
[policy] "GET /policies/resolve?subject_id=sub-E-race HTTP/1.1" 200 -
[policy] "POST /policies/revisions/3/canary HTTP/1.1" 200 -
[policy] "GET /policies/revisions/3 HTTP/1.1" 200 -
[policy] "GET /policies/active HTTP/1.1" 200 -
[policy] "GET /policies/revisions/3 HTTP/1.1" 200 -
[policy] "GET /policies/resolve?subject_id=sub-F HTTP/1.1" 200 -
[policy] "POST /policies/revisions HTTP/1.1" 201 -
[policy] "POST /policies/revisions/4/canary HTTP/1.1" 200 -
[policy] "POST /policies/revisions/4/activate HTTP/1.1" 409 -
[policy] "GET /policies/revisions/4 HTTP/1.1" 200 -
[policy] "GET /policies/active HTTP/1.1" 200 -
[policy] "GET /policies/resolve?subject_id=sub-G HTTP/1.1" 200 -
[policy] "POST /policies/revisions HTTP/1.1" 201 -
[policy] "POST /policies/revisions/5/canary HTTP/1.1" 200 -
[policy] "GET /policies/revisions/5 HTTP/1.1" 200 -
[policy] "GET /policies/revisions/5 HTTP/1.1" 200 -
[policy] "GET /policies/active HTTP/1.1" 200 -
[policy] "GET /policies/revisions/5 HTTP/1.1" 200 -
[policy] "GET /policies/revisions/5 HTTP/1.1" 200 -
[policy] "GET /policies/resolve?subject_id=sub-H1 HTTP/1.1" 200 -
[policy] "GET /policies/resolve?subject_id=sub-H2 HTTP/1.1" 200 -
[policy] "GET /policies/resolve?subject_id=sub-H3 HTTP/1.1" 200 -
[policy] "POST /policies/revisions HTTP/1.1" 201 -
[policy] "POST /policies/revisions/6/canary HTTP/1.1" 200 -
[policy] "GET /policies/revisions/6 HTTP/1.1" 200 -
[policy] "POST /policies/rollback HTTP/1.1" 200 -
[policy] "GET /policies/active HTTP/1.1" 200 -
[policy] "GET /policies/revisions/1 HTTP/1.1" 200 -
[policy] "GET /policies/active HTTP/1.1" 200 -
[policy] "GET /policies/revisions/1 HTTP/1.1" 200 -
[policy] "GET /policies/resolve?subject_id=sub-I HTTP/1.1" 200 -
[policy] "POST /policies/revisions HTTP/1.1" 201 -
[policy] "POST /policies/revisions/7/canary HTTP/1.1" 200 -
[policy] "GET /policies/revisions/7 HTTP/1.1" 200 -
[policy] "GET /policies/revisions/7 HTTP/1.1" 200 -
[policy] "GET /policies/active HTTP/1.1" 200 -
[policy] "GET /policies/revisions/7 HTTP/1.1" 200 -
[policy] "GET /policies/resolve?subject_id=sub-J-notary HTTP/1.1" 200 -
[policy] "GET /policies/resolve?subject_id=sub-K-offline HTTP/1.1" 200 -
[policy] "GET /policies/resolve?subject_id=sub-L-reorder HTTP/1.1" 200 -
[policy] "GET /policies/resolve?subject_id=sub-L-crash HTTP/1.1" 200 -
[policy] "GET /policies/resolve?subject_id=sub-M-rotate HTTP/1.1" 200 -
[policy] "GET /policies/resolve?subject_id=sub-M-after HTTP/1.1" 200 -
[policy] "GET /policies/resolve?subject_id=sub-N-consistency HTTP/1.1" 200 -
[policy] "GET /policies/resolve?subject_id=sub-O-rules HTTP/1.1" 200 -
[policy] "POST /policies/revisions HTTP/1.1" 201 -
[policy] "POST /policies/revisions/8/canary HTTP/1.1" 200 -
[policy] "GET /policies/revisions/8 HTTP/1.1" 200 -
[policy] "GET /policies/active HTTP/1.1" 200 -
[policy] "GET /policies/revisions/8 HTTP/1.1" 200 -
[policy] "GET /policies/resolve?subject_id=sub-P-revoke HTTP/1.1" 200 -
